[voidspace.netlify.app/index.html]
[backblue.gif]
[fade.gif]
[index.html]
[voidspace.netlify.app/assets/images/favicon/apple-touch-icon.html]
[voidspace.netlify.app/assets/images/favicon/favicon-32x32.html]
[voidspace.netlify.app/assets/images/favicon/favicon-16x16.html]
[voidspace.netlify.app/assets/images/favicon/site.html]
[voidspace.netlify.app/assets/images/favicon/safari-pinned-tab.html]
[voidspace.netlify.app/favicon.html]
[voidspace.netlify.app/asset/css/rawline.css]
[voidspace.netlify.app/asset/css/css2.7.delayed]
[voidspace.netlify.app/asset/css/all.min.css]
[voidspace.netlify.app/asset/css/reset.9.delayed]
[voidspace.netlify.app/asset/css/index.css]
[cdn.cloudflare.steamstatic.com/steam/apps/898220/library_hero36b6.jpg]
[cdn.akamai.steamstatic.com/steam/apps/898220/ss_0dbeabe8de69fb4555fa40b06a872e8ecb743c64.600x338aead.jpg]
[voidspace.netlify.app/site.d.delayed]
[voidspace.netlify.app/index.html]
[voidspace.netlify.app/assets/images/favicon/apple-touch-icon.html]
[voidspace.netlify.app/assets/images/favicon/favicon-32x32.html]
[voidspace.netlify.app/assets/images/favicon/favicon-16x16.html]
[voidspace.netlify.app/assets/images/favicon/site.html]
[voidspace.netlify.app/assets/images/favicon/safari-pinned-tab.html]
[voidspace.netlify.app/favicon.html]
[voidspace.netlify.app/asset/s/19714/rawline-400.html]
[voidspace.netlify.app/asset/s/19714/rawline-400i.html]
[voidspace.netlify.app/asset/s/19714/rawline-100.html]
[voidspace.netlify.app/asset/s/19714/rawline-100i.html]
[voidspace.netlify.app/asset/s/19714/rawline-200.html]
[voidspace.netlify.app/asset/s/19714/rawline-200i.html]
[voidspace.netlify.app/asset/s/19714/rawline-300.html]
[voidspace.netlify.app/asset/s/19714/rawline-300i.html]
[voidspace.netlify.app/asset/s/19714/rawline-500.html]
[voidspace.netlify.app/asset/s/19714/rawline-500i.html]
[voidspace.netlify.app/asset/s/19714/rawline-600.html]
[voidspace.netlify.app/asset/s/19714/rawline-600i.html]
[voidspace.netlify.app/asset/s/19714/rawline-700.html]
[voidspace.netlify.app/asset/s/19714/rawline-700i.html]
[voidspace.netlify.app/asset/s/19714/rawline-800.html]
[voidspace.netlify.app/asset/s/19714/rawline-800i.html]
[voidspace.netlify.app/asset/s/19714/rawline-900.html]
[voidspace.netlify.app/asset/css/rawline.css]
[voidspace.netlify.app/asset/css/css2.html]
[voidspace.netlify.app/asset/s/19714/rawline-900i.html]
[voidspace.netlify.app/asset/webfonts/fa-brands-400.html]
[voidspace.netlify.app/asset/webfonts/fa-brands-401.html]
[voidspace.netlify.app/asset/webfonts/fa-regular-400.html]
[voidspace.netlify.app/asset/webfonts/fa-regular-401.html]
[voidspace.netlify.app/asset/webfonts/fa-solid-900.html]
[voidspace.netlify.app/asset/css/all.min.css]
[voidspace.netlify.app/asset/css/reset.html]
[voidspace.netlify.app/asset/webfonts/fa-solid-901.html]
[voidspace.netlify.app/asset/css/xxxx.26.delayed]
[voidspace.netlify.app/asset/s.cdpn.io/1231630/clouds_repeat.png]
[voidspace.netlify.app/asset/css/index.css]
[voidspace.netlify.app/site.html]
[voidspace.netlify.app/asset/s/19714/rawline-400.html]
[voidspace.netlify.app/asset/s/19714/rawline-400i.html]
[voidspace.netlify.app/asset/s/19714/rawline-100.html]
[voidspace.netlify.app/asset/s/19714/rawline-100i.html]
[voidspace.netlify.app/asset/s/19714/rawline-200.html]
[voidspace.netlify.app/asset/s/19714/rawline-200i.html]
[voidspace.netlify.app/asset/s/19714/rawline-300.html]
[voidspace.netlify.app/asset/s/19714/rawline-300i.html]
[voidspace.netlify.app/asset/s/19714/rawline-500.html]
[voidspace.netlify.app/asset/s/19714/rawline-500i.html]
[voidspace.netlify.app/asset/s/19714/rawline-600.html]
[voidspace.netlify.app/asset/s/19714/rawline-600i.html]
[voidspace.netlify.app/asset/s/19714/rawline-700.html]
[voidspace.netlify.app/asset/s/19714/rawline-700i.html]
[voidspace.netlify.app/asset/s/19714/rawline-800.html]
[voidspace.netlify.app/asset/s/19714/rawline-800i.html]
[voidspace.netlify.app/asset/s/19714/rawline-900.html]
[voidspace.netlify.app/asset/s/19714/rawline-900i.html]
[voidspace.netlify.app/asset/webfonts/fa-brands-400.html]
[voidspace.netlify.app/asset/webfonts/fa-brands-401.html]
[voidspace.netlify.app/asset/webfonts/fa-regular-400.html]
[voidspace.netlify.app/asset/webfonts/fa-regular-401.html]
[voidspace.netlify.app/asset/webfonts/fa-solid-900.html]
[voidspace.netlify.app/asset/webfonts/fa-solid-901.html]
[voidspace.netlify.app/asset/css/xxxx.html]
